// Jest Snapshot v1, https://goo.gl/fbAQLP

exports[`First snapshot test  1`] = `
<div
  id="loader"
>
  <span
    className="MuiSkeleton-root MuiSkeleton-text MuiSkeleton-pulse"
    style={
      Object {
        "height": undefined,
        "width": undefined,
      }
    }
  />
</div>
`;
